// Jest Snapshot v1, https://goo.gl/fbAQLP

exports[`unknown plugin 1. unknown plugin: 1. unknown plugin 1`] = `

import table from '../macro'

const data = table\`
  cell | presentation   | preloading
  \${2} | \${'slideshow'} | \${true}
  \${3} | \${'static'}    | \${true}
  \${4} | \${'slideshow'} | \${false}
  \${5} | \${'static'}    | \${false}
\`;

      ↓ ↓ ↓ ↓ ↓ ↓

const data = [
  {
    cell: 2,
    presentation: "slideshow",
    preloading: true,
  },
  {
    cell: 3,
    presentation: "static",
    preloading: true,
  },
  {
    cell: 4,
    presentation: "slideshow",
    preloading: false,
  },
  {
    cell: 5,
    presentation: "static",
    preloading: false,
  },
];


`;
